{
    "kind": "List",
    "apiVersion": "v1",
    "metadata": {},
    "items": [
        {
            "kind": "Cluster",
            "apiVersion": "cluster.x-k8s.io/v1alpha2",
            "metadata": {
                "name": "1sad2",
                "namespace": "default",
                "creationTimestamp": null,
                "labels": {
                    "giantswarm.io/cluster": "1sad2"
                }
            },
            "spec": {},
            "status": {
                "infrastructureReady": false,
                "controlPlaneInitialized": false
            }
        },
        {
            "kind": "Cluster",
            "apiVersion": "cluster.x-k8s.io/v1alpha2",
            "metadata": {
                "name": "2a03f",
                "namespace": "default",
                "creationTimestamp": null,
                "labels": {
                    "giantswarm.io/cluster": "2a03f"
                }
            },
            "spec": {},
            "status": {
                "infrastructureReady": false,
                "controlPlaneInitialized": false
            }
        },
        {
            "kind": "Cluster",
            "apiVersion": "cluster.x-k8s.io/v1alpha2",
            "metadata": {
                "name": "asd29",
                "namespace": "default",
                "creationTimestamp": null,
                "labels": {
                    "giantswarm.io/cluster": "asd29"
                }
            },
            "spec": {},
            "status": {
                "infrastructureReady": false,
                "controlPlaneInitialized": false
            }
        },
        {
            "kind": "Cluster",
            "apiVersion": "cluster.x-k8s.io/v1alpha2",
            "metadata": {
                "name": "f930q",
                "namespace": "default",
                "creationTimestamp": null,
                "labels": {
                    "giantswarm.io/cluster": "f930q"
                }
            },
            "spec": {},
            "status": {
                "infrastructureReady": false,
                "controlPlaneInitialized": false
            }
        },
        {
            "kind": "Cluster",
            "apiVersion": "cluster.x-k8s.io/v1alpha2",
            "metadata": {
                "name": "9f012",
                "namespace": "default",
                "creationTimestamp": null,
                "labels": {
                    "giantswarm.io/cluster": "9f012"
                }
            },
            "spec": {},
            "status": {
                "infrastructureReady": false,
                "controlPlaneInitialized": false
            }
        },
        {
            "kind": "Cluster",
            "apiVersion": "cluster.x-k8s.io/v1alpha2",
            "metadata": {
                "name": "2f0as",
                "namespace": "default",
                "creationTimestamp": null,
                "labels": {
                    "giantswarm.io/cluster": "2f0as"
                }
            },
            "spec": {},
            "status": {
                "infrastructureReady": false,
                "controlPlaneInitialized": false
            }
        }
    ]
}
