NAME    AGE   CONDITION   RELEASE   SERVICE PRIORITY   ORGANIZATION   DESCRIPTION
1sad2   0s    n/a         12.0.0    highest            test           test cluster 1
2a03f   0s    CREATED     11.0.0    medium             test           test cluster 2
asd29   0s    CREATED     10.5.0    lowest             test           test cluster 3
f930q   0s    n/a         11.0.0    n/a                some-other     test cluster 4
9f012   0s    DELETING    9.0.0     n/a                test           test cluster 5
2f0as   0s    DELETING    10.5.0    n/a                random         test cluster 6
