NAME    AGE   CONDITION   RELEASE   SERVICE PRIORITY   ORGANIZATION   DESCRIPTION
1sad2   10h   n/a         12.0.0    highest            test           test cluster 1
2a03f   10h   CREATED     11.0.0    medium             test           test cluster 2
asd29   10h   CREATED     10.5.0    lowest             test           test cluster 3
f930q   10h   n/a         11.0.0    n/a                some-other     test cluster 4
9f012   10h   DELETING    9.0.0     n/a                test           test cluster 5
2f0as   10h   DELETING    10.5.0    n/a                random         test cluster 6
