azureclusterconfig.provider.giantswarm.io/1sad2-azure-cluster-config
azureconfig.provider.giantswarm.io/1sad2
azureclusterconfig.provider.giantswarm.io/2a03f-azure-cluster-config
azureconfig.provider.giantswarm.io/2a03f
azureclusterconfig.provider.giantswarm.io/asd29-azure-cluster-config
azureconfig.provider.giantswarm.io/asd29
