{
    "kind": "List",
    "apiVersion": "v1",
    "metadata": {},
    "items": [
        {
            "kind": "AzureClusterConfig",
            "apiVersion": "core.giantswarm.io/v1alpha1",
            "metadata": {
                "name": "1sad2-azure-cluster-config",
                "namespace": "default",
                "creationTimestamp": "2021-01-02T15:04:32Z"
            },
            "spec": {
                "guest": {
                    "dnsZone": "",
                    "id": "1sad2",
                    "name": "test cluster 1",
                    "owner": "test",
                    "releaseVersion": "12.0.0",
                    "credentialSecret": {
                        "name": "",
                        "namespace": ""
                    }
                },
                "versionBundle": {
                    "version": ""
                }
            }
        },
        {
            "kind": "AzureClusterConfig",
            "apiVersion": "core.giantswarm.io/v1alpha1",
            "metadata": {
                "name": "2a03f-azure-cluster-config",
                "namespace": "default",
                "creationTimestamp": "2021-01-02T15:04:32Z"
            },
            "spec": {
                "guest": {
                    "dnsZone": "",
                    "id": "2a03f",
                    "name": "test cluster 2",
                    "owner": "test",
                    "releaseVersion": "11.0.0",
                    "credentialSecret": {
                        "name": "",
                        "namespace": ""
                    }
                },
                "versionBundle": {
                    "version": ""
                }
            }
        },
        {
            "kind": "AzureClusterConfig",
            "apiVersion": "core.giantswarm.io/v1alpha1",
            "metadata": {
                "name": "asd29-azure-cluster-config",
                "namespace": "default",
                "creationTimestamp": "2021-01-02T15:04:32Z"
            },
            "spec": {
                "guest": {
                    "dnsZone": "",
                    "id": "asd29",
                    "name": "test cluster 3",
                    "owner": "test",
                    "releaseVersion": "10.5.0",
                    "credentialSecret": {
                        "name": "",
                        "namespace": ""
                    }
                },
                "versionBundle": {
                    "version": ""
                }
            }
        }
    ]
}
