apiVersion: v1
items:
- apiVersion: cluster.x-k8s.io/v1alpha2
  kind: Cluster
  metadata:
    creationTimestamp: null
    labels:
      giantswarm.io/cluster: 1sad2
    name: 1sad2
    namespace: default
  spec: {}
  status:
    controlPlaneInitialized: false
    infrastructureReady: false
- apiVersion: cluster.x-k8s.io/v1alpha2
  kind: Cluster
  metadata:
    creationTimestamp: null
    labels:
      giantswarm.io/cluster: 2a03f
    name: 2a03f
    namespace: default
  spec: {}
  status:
    controlPlaneInitialized: false
    infrastructureReady: false
- apiVersion: cluster.x-k8s.io/v1alpha2
  kind: Cluster
  metadata:
    creationTimestamp: null
    labels:
      giantswarm.io/cluster: asd29
    name: asd29
    namespace: default
  spec: {}
  status:
    controlPlaneInitialized: false
    infrastructureReady: false
- apiVersion: cluster.x-k8s.io/v1alpha2
  kind: Cluster
  metadata:
    creationTimestamp: null
    labels:
      giantswarm.io/cluster: f930q
    name: f930q
    namespace: default
  spec: {}
  status:
    controlPlaneInitialized: false
    infrastructureReady: false
- apiVersion: cluster.x-k8s.io/v1alpha2
  kind: Cluster
  metadata:
    creationTimestamp: null
    labels:
      giantswarm.io/cluster: 9f012
    name: 9f012
    namespace: default
  spec: {}
  status:
    controlPlaneInitialized: false
    infrastructureReady: false
- apiVersion: cluster.x-k8s.io/v1alpha2
  kind: Cluster
  metadata:
    creationTimestamp: null
    labels:
      giantswarm.io/cluster: 2f0as
    name: 2f0as
    namespace: default
  spec: {}
  status:
    controlPlaneInitialized: false
    infrastructureReady: false
kind: List
metadata: {}
