kvmclusterconfig.provider.giantswarm.io/1sad2-kvm-cluster-config
kvmconfig.provider.giantswarm.io/1sad2
kvmclusterconfig.provider.giantswarm.io/2a03f-kvm-cluster-config
kvmconfig.provider.giantswarm.io/2a03f
kvmclusterconfig.provider.giantswarm.io/asd29-kvm-cluster-config
kvmconfig.provider.giantswarm.io/asd29
