{
    "kind": "Cluster",
    "apiVersion": "cluster.x-k8s.io/v1beta1",
    "metadata": {
        "name": "f930q",
        "namespace": "default",
        "creationTimestamp": null,
        "labels": {
            "cluster.x-k8s.io/cluster-name": "f930q",
            "giantswarm.io/organization": "some-other",
            "release.giantswarm.io/version": "11.0.0"
        },
        "annotations": {
            "cluster.giantswarm.io/description": "test cluster 4"
        }
    },
    "spec": {
        "controlPlaneEndpoint": {
            "host": "",
            "port": 0
        }
    },
    "status": {
        "infrastructureReady": false,
        "controlPlaneInitialized": false,
        "conditions": [
            {
                "type": "Created",
                "status": "True",
                "lastTransitionTime": null
            }
        ]
    }
}
