testresource.testing.domain.coolio.com/s0a1l
testresource.testing.domain.coolio.com/asd40
testresource.testing.domain.coolio.com/afd12
testresource.testing.domain.coolio.com/asbv2
testresource.testing.domain.coolio.com/ffs1s
testresource.testing.domain.coolio.com/d01s1
testresource.testing.domain.coolio.com/asbv2
testresource.testing.domain.coolio.com/ffs1s
testresource.testing.domain.coolio.com/d01s1
testresource.testing.domain.coolio.com/1290fd
testresource.testing.domain.coolio.com/3450sd
testresource.testing.domain.coolio.com/33fdas
testresource.testing.domain.coolio.com/66fdf
testresource.testing.domain.coolio.com/55kll
testresource.testing.domain.coolio.com/33ssd
testresource.testing.domain.coolio.com/01sad
testresource.testing.domain.coolio.com/asd01
testresource.testing.domain.coolio.com/34dsa
