---
apiVersion: v1
data:
  values: |
    global:
      controlPlane:
        sku:
          tier: Standard
      managementCluster: my-mc
      metadata:
        description: an AKS test cluster
        name: test-aks
        organization: test
      providerSpecific:
        azureClusterIdentity:
          name: my-aks-identity
          namespace: org-test
        location: westeurope
        subscriptionId: 6b1f6e4a-6d0e-4aa4-9a5a-fbaca65a23b3
kind: ConfigMap
metadata:
  labels:
    giantswarm.io/cluster: test-aks
  name: test-aks-userconfig
  namespace: org-test
---
apiVersion: application.giantswarm.io/v1alpha1
kind: App
metadata:
  labels:
    app-operator.giantswarm.io/version: 0.0.0
  name: test-aks
  namespace: org-test
spec:
  catalog: cluster
  config:
    configMap:
      name: ""
      namespace: ""
    secret:
      name: ""
      namespace: ""
  kubeConfig:
    context:
      name: ""
    inCluster: true
    secret:
      name: ""
      namespace: ""
  name: release-aks
  namespace: org-test
  userConfig:
    configMap:
      name: test-aks-userconfig
      namespace: org-test
  version: 35.0.0
