---
apiVersion: v1
data:
  values: |
    baseDomain: test.gigantic.io
    cluster:
      kubernetesVersion: v1.2.3
    clusterDescription: yet another test cluster
    connectivity:
      network:
        allowAllEgress: true
        controlPlaneEndpoint:
          host: ""
          ipPoolName: wc-cp-ips
          port: 6443
        loadBalancers:
          cidrBlocks:
          - 1.2.3.4/32
    controlPlane:
      image:
        repository: registry.k8s.io
      machineTemplate:
        cloneMode: linkedClone
        diskGiB: 42
        memoryMiB: 42000
        network:
          devices:
          - dhcp4: true
            networkName: foonet
        numCPUs: 6
        resourcePool: foopool
        template: foo-%!o(string=v1.2.3)s
      replicas: 5
    helmReleases:
      cilium:
        interval: 20s
      coredns:
        interval: 30s
      cpi:
        interval: 30s
    nodeClasses:
      default:
        cloneMode: linkedClone
        diskGiB: 43
        memoryMiB: 43000
        network:
          devices:
          - dhcp4: true
            networkName: foonet
        numCPUs: 7
        resourcePool: foopool
        template: foo-%!o(string=v1.2.3)s
    nodePools:
      worker:
        class: default
        replicas: 4
    organization: test
kind: ConfigMap
metadata:
  creationTimestamp: null
  labels:
    giantswarm.io/cluster: test1
  name: test1-userconfig
  namespace: org-test
---
apiVersion: application.giantswarm.io/v1alpha1
kind: App
metadata:
  labels:
    app-operator.giantswarm.io/version: 0.0.0
  name: test1
  namespace: org-test
spec:
  catalog: foo-catalog
  config:
    configMap:
      name: ""
      namespace: ""
    secret:
      name: ""
      namespace: ""
  extraConfigs:
  - kind: secret
    name: container-registries-configuration
    namespace: default
    priority: 25
  kubeConfig:
    context:
      name: ""
    inCluster: true
    secret:
      name: ""
      namespace: ""
  name: cluster-vsphere
  namespace: org-test
  userConfig:
    configMap:
      name: test1-userconfig
      namespace: org-test
    secret:
      name: foosecret
      namespace: org-test
  version: 1.2.3
---
apiVersion: v1
data:
  values: |
    clusterName: test1
    organization: test
kind: ConfigMap
metadata:
  creationTimestamp: null
  labels:
    giantswarm.io/cluster: test1
  name: test1-default-apps-userconfig
  namespace: org-test
---
apiVersion: application.giantswarm.io/v1alpha1
kind: App
metadata:
  labels:
    app-operator.giantswarm.io/version: 0.0.0
    giantswarm.io/cluster: test1
    giantswarm.io/managed-by: cluster
  name: test1-default-apps
  namespace: org-test
spec:
  catalog: foo-default-catalog
  config:
    configMap:
      name: test1-cluster-values
      namespace: org-test
    secret:
      name: ""
      namespace: ""
  kubeConfig:
    context:
      name: ""
    inCluster: true
    secret:
      name: ""
      namespace: ""
  name: default-apps-vsphere
  namespace: org-test
  userConfig:
    configMap:
      name: test1-default-apps-userconfig
      namespace: org-test
  version: 3.2.1
