NAME    CLUSTER NAME   AGE   PHASE   NODES MIN/MAX   NODES DESIRED   NODES READY   DESCRIPTION
1sad2   s921a          0s    n/a     0/0             1               3             test nodepool 1
f930q   s921a          0s    n/a     0/0             3               3             test nodepool 4
asd29   s0a10          0s    n/a     0/0             10              10            test nodepool 3
2f0as   s00sn          0s    n/a     0/0             2               5             test nodepool 6
2a03f   3a0d1          0s    n/a     0/0             3               10            test nodepool 2
9f012   29sa0          0s    n/a     0/0             0               3             test nodepool 5
