apiVersion: v1
items:
- apiVersion: exp.cluster.x-k8s.io/v1alpha3
  kind: MachinePool
  metadata:
    annotations:
      cluster.k8s.io/cluster-api-autoscaler-node-group-max-size: "-1"
      cluster.k8s.io/cluster-api-autoscaler-node-group-min-size: "-1"
      machine-pool.giantswarm.io/name: test nodepool 1
    creationTimestamp: "2021-01-02T15:04:32Z"
    labels:
      giantswarm.io/organization: giantswarm
      release.giantswarm.io/version: 13.0.0
    name: 1sad2
    namespace: org-giantswarm
  spec:
    clusterName: ""
    template:
      metadata: {}
      spec:
        bootstrap: {}
        clusterName: ""
        infrastructureRef: {}
  status:
    bootstrapReady: false
    infrastructureReady: false
    readyReplicas: 3
    replicas: 1
- apiVersion: exp.cluster.x-k8s.io/v1alpha3
  kind: MachinePool
  metadata:
    annotations:
      cluster.k8s.io/cluster-api-autoscaler-node-group-max-size: "-1"
      cluster.k8s.io/cluster-api-autoscaler-node-group-min-size: "-1"
      machine-pool.giantswarm.io/name: test nodepool 2
    creationTimestamp: "2021-01-02T15:04:32Z"
    labels:
      giantswarm.io/organization: giantswarm
      release.giantswarm.io/version: 13.0.0
    name: 2a03f
    namespace: org-giantswarm
  spec:
    clusterName: ""
    template:
      metadata: {}
      spec:
        bootstrap: {}
        clusterName: ""
        infrastructureRef: {}
  status:
    bootstrapReady: false
    infrastructureReady: false
    readyReplicas: 10
    replicas: 3
- apiVersion: exp.cluster.x-k8s.io/v1alpha3
  kind: MachinePool
  metadata:
    annotations:
      cluster.k8s.io/cluster-api-autoscaler-node-group-max-size: "10"
      cluster.k8s.io/cluster-api-autoscaler-node-group-min-size: "10"
      machine-pool.giantswarm.io/name: test nodepool 3
    creationTimestamp: "2021-01-02T15:04:32Z"
    labels:
      giantswarm.io/organization: giantswarm
      release.giantswarm.io/version: 13.2.0
    name: asd29
    namespace: org-giantswarm
  spec:
    clusterName: ""
    template:
      metadata: {}
      spec:
        bootstrap: {}
        clusterName: ""
        infrastructureRef: {}
  status:
    bootstrapReady: false
    infrastructureReady: false
    readyReplicas: 10
    replicas: 10
- apiVersion: exp.cluster.x-k8s.io/v1alpha3
  kind: MachinePool
  metadata:
    annotations:
      cluster.k8s.io/cluster-api-autoscaler-node-group-max-size: "-1"
      cluster.k8s.io/cluster-api-autoscaler-node-group-min-size: "-1"
      machine-pool.giantswarm.io/name: test nodepool 4
    creationTimestamp: "2021-01-02T15:04:32Z"
    labels:
      giantswarm.io/organization: giantswarm
      release.giantswarm.io/version: 13.0.0
    name: f930q
    namespace: org-giantswarm
  spec:
    clusterName: ""
    template:
      metadata: {}
      spec:
        bootstrap: {}
        clusterName: ""
        infrastructureRef: {}
  status:
    bootstrapReady: false
    infrastructureReady: false
    readyReplicas: 3
    replicas: 3
- apiVersion: exp.cluster.x-k8s.io/v1alpha3
  kind: MachinePool
  metadata:
    annotations:
      cluster.k8s.io/cluster-api-autoscaler-node-group-max-size: "1"
      cluster.k8s.io/cluster-api-autoscaler-node-group-min-size: "1"
      machine-pool.giantswarm.io/name: test nodepool 5
    creationTimestamp: "2021-01-02T15:04:32Z"
    labels:
      giantswarm.io/organization: giantswarm
      release.giantswarm.io/version: 13.2.0
    name: 9f012
    namespace: org-giantswarm
  spec:
    clusterName: ""
    template:
      metadata: {}
      spec:
        bootstrap: {}
        clusterName: ""
        infrastructureRef: {}
  status:
    bootstrapReady: false
    infrastructureReady: false
    readyReplicas: 3
    replicas: 0
- apiVersion: exp.cluster.x-k8s.io/v1alpha3
  kind: MachinePool
  metadata:
    annotations:
      cluster.k8s.io/cluster-api-autoscaler-node-group-max-size: "-1"
      cluster.k8s.io/cluster-api-autoscaler-node-group-min-size: "-1"
      machine-pool.giantswarm.io/name: test nodepool 6
    creationTimestamp: "2021-01-02T15:04:32Z"
    labels:
      giantswarm.io/organization: giantswarm
      release.giantswarm.io/version: 13.1.0
    name: 2f0as
    namespace: org-giantswarm
  spec:
    clusterName: ""
    template:
      metadata: {}
      spec:
        bootstrap: {}
        clusterName: ""
        infrastructureRef: {}
  status:
    bootstrapReady: false
    infrastructureReady: false
    readyReplicas: 5
    replicas: 2
kind: List
metadata: {}
