apiVersion: exp.cluster.x-k8s.io/v1beta1
kind: MachinePool
metadata:
  annotations:
    cluster.k8s.io/cluster-api-autoscaler-node-group-max-size: "-1"
    cluster.k8s.io/cluster-api-autoscaler-node-group-min-size: "-1"
    machine-pool.giantswarm.io/name: test nodepool 4
  creationTimestamp: "2021-01-02T15:04:32Z"
  labels:
    cluster.x-k8s.io/cluster-name: s921a
    giantswarm.io/machine-pool: f930q
    giantswarm.io/organization: giantswarm
    release.giantswarm.io/version: 13.0.0
  name: f930q
  namespace: org-giantswarm
spec:
  clusterName: ""
  template:
    metadata: {}
    spec:
      bootstrap: {}
      clusterName: ""
      infrastructureRef: {}
status:
  bootstrapReady: false
  infrastructureReady: false
  readyReplicas: 3
  replicas: 3
