{
    "kind": "List",
    "apiVersion": "v1",
    "metadata": {},
    "items": [
        {
            "kind": "MachineDeployment",
            "apiVersion": "cluster.x-k8s.io/v1alpha2",
            "metadata": {
                "name": "1sad2",
                "namespace": "default",
                "creationTimestamp": "2021-01-02T15:04:32Z",
                "labels": {
                    "giantswarm.io/cluster": "s921a",
                    "giantswarm.io/machine-deployment": "1sad2",
                    "giantswarm.io/organization": "giantswarm",
                    "release.giantswarm.io/version": "12.0.0"
                }
            },
            "spec": {
                "selector": {},
                "template": {
                    "metadata": {},
                    "spec": {
                        "metadata": {},
                        "bootstrap": {},
                        "infrastructureRef": {}
                    }
                }
            },
            "status": {
                "replicas": 2,
                "readyReplicas": 2
            }
        },
        {
            "kind": "MachineDeployment",
            "apiVersion": "cluster.x-k8s.io/v1alpha2",
            "metadata": {
                "name": "2a03f",
                "namespace": "default",
                "creationTimestamp": "2021-01-02T15:04:32Z",
                "labels": {
                    "giantswarm.io/cluster": "3a0d1",
                    "giantswarm.io/machine-deployment": "2a03f",
                    "giantswarm.io/organization": "giantswarm",
                    "release.giantswarm.io/version": "11.0.0"
                }
            },
            "spec": {
                "selector": {},
                "template": {
                    "metadata": {},
                    "spec": {
                        "metadata": {},
                        "bootstrap": {},
                        "infrastructureRef": {}
                    }
                }
            },
            "status": {
                "replicas": 5,
                "readyReplicas": 2
            }
        },
        {
            "kind": "MachineDeployment",
            "apiVersion": "cluster.x-k8s.io/v1alpha2",
            "metadata": {
                "name": "asd29",
                "namespace": "default",
                "creationTimestamp": "2021-01-02T15:04:32Z",
                "labels": {
                    "giantswarm.io/cluster": "s0a10",
                    "giantswarm.io/machine-deployment": "asd29",
                    "giantswarm.io/organization": "giantswarm",
                    "release.giantswarm.io/version": "10.5.0"
                }
            },
            "spec": {
                "selector": {},
                "template": {
                    "metadata": {},
                    "spec": {
                        "metadata": {},
                        "bootstrap": {},
                        "infrastructureRef": {}
                    }
                }
            },
            "status": {
                "replicas": 10,
                "readyReplicas": 10
            }
        },
        {
            "kind": "MachineDeployment",
            "apiVersion": "cluster.x-k8s.io/v1alpha2",
            "metadata": {
                "name": "f930q",
                "namespace": "default",
                "creationTimestamp": "2021-01-02T15:04:32Z",
                "labels": {
                    "giantswarm.io/cluster": "s921a",
                    "giantswarm.io/machine-deployment": "f930q",
                    "giantswarm.io/organization": "giantswarm",
                    "release.giantswarm.io/version": "11.0.0"
                }
            },
            "spec": {
                "selector": {},
                "template": {
                    "metadata": {},
                    "spec": {
                        "metadata": {},
                        "bootstrap": {},
                        "infrastructureRef": {}
                    }
                }
            },
            "status": {
                "replicas": 3,
                "readyReplicas": 1
            }
        },
        {
            "kind": "MachineDeployment",
            "apiVersion": "cluster.x-k8s.io/v1alpha2",
            "metadata": {
                "name": "9f012",
                "namespace": "default",
                "creationTimestamp": "2021-01-02T15:04:32Z",
                "labels": {
                    "giantswarm.io/cluster": "29sa0",
                    "giantswarm.io/machine-deployment": "9f012",
                    "giantswarm.io/organization": "giantswarm",
                    "release.giantswarm.io/version": "9.0.0"
                }
            },
            "spec": {
                "selector": {},
                "template": {
                    "metadata": {},
                    "spec": {
                        "metadata": {},
                        "bootstrap": {},
                        "infrastructureRef": {}
                    }
                }
            },
            "status": {
                "replicas": 1,
                "readyReplicas": 1
            }
        },
        {
            "kind": "MachineDeployment",
            "apiVersion": "cluster.x-k8s.io/v1alpha2",
            "metadata": {
                "name": "2f0as",
                "namespace": "default",
                "creationTimestamp": "2021-01-02T15:04:32Z",
                "labels": {
                    "giantswarm.io/cluster": "s00sn",
                    "giantswarm.io/machine-deployment": "2f0as",
                    "giantswarm.io/organization": "giantswarm",
                    "release.giantswarm.io/version": "10.5.0"
                }
            },
            "spec": {
                "selector": {},
                "template": {
                    "metadata": {},
                    "spec": {
                        "metadata": {},
                        "bootstrap": {},
                        "infrastructureRef": {}
                    }
                }
            },
            "status": {
                "replicas": 5,
                "readyReplicas": 5
            }
        }
    ]
}
