apiVersion: v1
items:
- apiVersion: cluster.x-k8s.io/v1beta1
  kind: MachineDeployment
  metadata:
    creationTimestamp: "2021-01-02T15:04:32Z"
    labels:
      giantswarm.io/cluster: s921a
      giantswarm.io/machine-deployment: 1sad2
      giantswarm.io/organization: giantswarm
      release.giantswarm.io/version: 12.0.0
    name: 1sad2
    namespace: default
  spec:
    clusterName: ""
    selector: {}
    template:
      metadata: {}
      spec:
        bootstrap: {}
        clusterName: ""
        infrastructureRef: {}
  status:
    readyReplicas: 2
    replicas: 2
- apiVersion: cluster.x-k8s.io/v1beta1
  kind: MachineDeployment
  metadata:
    creationTimestamp: "2021-01-02T15:04:32Z"
    labels:
      giantswarm.io/cluster: 3a0d1
      giantswarm.io/machine-deployment: 2a03f
      giantswarm.io/organization: giantswarm
      release.giantswarm.io/version: 11.0.0
    name: 2a03f
    namespace: default
  spec:
    clusterName: ""
    selector: {}
    template:
      metadata: {}
      spec:
        bootstrap: {}
        clusterName: ""
        infrastructureRef: {}
  status:
    readyReplicas: 2
    replicas: 5
- apiVersion: cluster.x-k8s.io/v1beta1
  kind: MachineDeployment
  metadata:
    creationTimestamp: "2021-01-02T15:04:32Z"
    labels:
      giantswarm.io/cluster: s0a10
      giantswarm.io/machine-deployment: asd29
      giantswarm.io/organization: giantswarm
      release.giantswarm.io/version: 10.5.0
    name: asd29
    namespace: default
  spec:
    clusterName: ""
    selector: {}
    template:
      metadata: {}
      spec:
        bootstrap: {}
        clusterName: ""
        infrastructureRef: {}
  status:
    readyReplicas: 10
    replicas: 10
- apiVersion: cluster.x-k8s.io/v1beta1
  kind: MachineDeployment
  metadata:
    creationTimestamp: "2021-01-02T15:04:32Z"
    labels:
      giantswarm.io/cluster: s921a
      giantswarm.io/machine-deployment: f930q
      giantswarm.io/organization: giantswarm
      release.giantswarm.io/version: 11.0.0
    name: f930q
    namespace: default
  spec:
    clusterName: ""
    selector: {}
    template:
      metadata: {}
      spec:
        bootstrap: {}
        clusterName: ""
        infrastructureRef: {}
  status:
    readyReplicas: 1
    replicas: 3
- apiVersion: cluster.x-k8s.io/v1beta1
  kind: MachineDeployment
  metadata:
    creationTimestamp: "2021-01-02T15:04:32Z"
    labels:
      giantswarm.io/cluster: 29sa0
      giantswarm.io/machine-deployment: 9f012
      giantswarm.io/organization: giantswarm
      release.giantswarm.io/version: 9.0.0
    name: 9f012
    namespace: default
  spec:
    clusterName: ""
    selector: {}
    template:
      metadata: {}
      spec:
        bootstrap: {}
        clusterName: ""
        infrastructureRef: {}
  status:
    readyReplicas: 1
    replicas: 1
- apiVersion: cluster.x-k8s.io/v1beta1
  kind: MachineDeployment
  metadata:
    creationTimestamp: "2021-01-02T15:04:32Z"
    labels:
      giantswarm.io/cluster: s00sn
      giantswarm.io/machine-deployment: 2f0as
      giantswarm.io/organization: giantswarm
      release.giantswarm.io/version: 10.5.0
    name: 2f0as
    namespace: default
  spec:
    clusterName: ""
    selector: {}
    template:
      metadata: {}
      spec:
        bootstrap: {}
        clusterName: ""
        infrastructureRef: {}
  status:
    readyReplicas: 5
    replicas: 5
kind: List
metadata: {}
