apiVersion: application.giantswarm.io/v1alpha1
kind: App
metadata:
  labels:
    giantswarm.io/cluster: eggs2
  name: nginx-ingress-controller-app
  namespace: org-giantswarm
spec:
  catalog: giantswarm
  kubeConfig:
    inCluster: false
  name: nginx-ingress-controller-app
  namespace: kube-system
  version: 1.17.0
