apiVersion: application.giantswarm.io/v1alpha1
kind: App
metadata:
  name: ingress-nginx
  namespace: eggs2
spec:
  catalog: giantswarm
  install:
    timeout: 6m0s
  kubeConfig:
    inCluster: false
  name: ingress-nginx
  namespace: kube-system
  rollback:
    timeout: 7m0s
  uninstall:
    timeout: 8m0s
  upgrade:
    timeout: 9m0s
  version: 3.0.0
