apiVersion: v1
items:
- apiVersion: security.giantswarm.io/v1alpha1
  kind: Organization
  metadata:
    creationTimestamp: "2022-08-18T08:07:48Z"
    name: test-1
  spec: {}
  status:
    namespace: org-test-1
- apiVersion: security.giantswarm.io/v1alpha1
  kind: Organization
  metadata:
    creationTimestamp: "2022-08-18T08:07:48Z"
    name: test-2
  spec: {}
  status:
    namespace: org-test-2
- apiVersion: security.giantswarm.io/v1alpha1
  kind: Organization
  metadata:
    creationTimestamp: "2022-08-18T08:07:48Z"
    name: test-3
  spec: {}
  status:
    namespace: org-test-3
kind: List
metadata: {}
