Error: Something went wrong
	--REPLACED--/errorprinter_test.go:158
	--REPLACED--/errorprinter_test.go:160
	--REPLACED--/errorprinter_test.go:160
	--REPLACED--/errorprinter_test.go:160
	--REPLACED--/errorprinter_test.go:160
	--REPLACED--/errorprinter_test.go:160
	--REPLACED--/errorprinter_test.go:160
	--REPLACED--/errorprinter_test.go:160
	--REPLACED--/errorprinter_test.go:160
	--REPLACED--/errorprinter_test.go:160
	--REPLACED--/errorprinter_test.go:160
	--REPLACED--/errorprinter_test.go:163